// Jest Snapshot v1, https://goo.gl/fbAQLP

exports[`renders correctly 1`] = `
<div
  className="MuiGrid-root MuiGrid-container MuiGrid-align-items-xs-center"
>
  <div
    className="MuiGrid-root MuiGrid-item"
  >
    <div
      className="MuiPaper-root MuiPaper-elevation1 MuiCard-root MuiPaper-rounded"
      onClick={[Function]}
    >
      cardText1
    </div>
    <div
      className="MuiPaper-root MuiPaper-elevation1 MuiCard-root MuiPaper-rounded"
      onClick={[Function]}
    >
      cardText2
    </div>
  </div>
</div>
`;
