// Jest Snapshot v1, https://goo.gl/fbAQLP

exports[`renders correctly 1`] = `
<div
  className="MuiGrid-root MuiGrid-container MuiGrid-align-items-xs-center"
>
  <div
    className="MuiGrid-root MuiGrid-item"
  >
    <div
      className="MuiPaper-root MuiPaper-elevation1 MuiCard-root MuiPaper-rounded"
      onClick={[Function]}
    >
      Card Content
      <div
        className="MuiCardHeader-root"
      >
        <div
          className="MuiCardHeader-content"
        >
          <span
            className="MuiTypography-root MuiCardHeader-title MuiTypography-h5 MuiTypography-displayBlock"
          >
            content1
          </span>
        </div>
      </div>
    </div>
    <div
      className="MuiPaper-root MuiPaper-elevation1 MuiCard-root MuiPaper-rounded"
      onClick={[Function]}
    >
      Card Content
      <div
        className="MuiCardHeader-root"
      >
        <div
          className="MuiCardHeader-content"
        >
          <span
            className="MuiTypography-root MuiCardHeader-title MuiTypography-h5 MuiTypography-displayBlock"
          >
            content2
          </span>
        </div>
      </div>
    </div>
  </div>
</div>
`;
